
===== dependency consistency =====
COMMAND: /tmp/swapservice-review-20260916-venv/bin/python -m pip check
No broken requirements found.
EXIT: 0

===== literal configured compilation =====
COMMAND: /tmp/swapservice-review-20260916-venv/bin/python -m compileall -q src *.py tests
EXIT: 0

===== local Markdown links =====
COMMAND: /tmp/swapservice-review-20260916-venv/bin/python scripts/check_markdown_links.py
Local Markdown links: OK
EXIT: 0

===== complete pytest suite — final shared tree =====
COMMAND: /tmp/swapservice-review-20260916-venv/bin/python -m pytest -q
....................................................................................................................... [ 27%]
........................................................................ [ 44%]
........................................................................ [ 60%]
........................................................ [ 73%]
.......................................... [ 83%]
........................................................................ [ 99%]
.                                                                        [100%]
434 passed, 71 subtests passed in 128.97s (0:02:08)
EXIT: 0

===== recovery standalone =====
COMMAND: /tmp/swapservice-review-20260916-venv/bin/python -m pytest -q tests/test_recovery_safety.py
.......................... [ 78%]
.......                                                                  [100%]
33 passed, 46 subtests passed in 8.31s
EXIT: 0

===== recovery plus installed SDK boundary =====
COMMAND: /tmp/swapservice-review-20260916-venv/bin/python -m pytest -q tests/test_recovery_safety.py tests/test_solana_sdk_boundary.py
.......................... [ 76%]
........                                                                 [100%]
34 passed, 46 subtests passed in 8.94s
EXIT: 0

===== receipt payout Nexus-fee SDK shard =====
COMMAND: /tmp/swapservice-review-20260916-venv/bin/python -m pytest -q tests/test_swap_receipts.py tests/test_payout_review_regressions.py tests/test_nexus_fee_lifecycle.py tests/test_solana_sdk_boundary.py
........................................................................ [ 84%]
.............                                                            [100%]
85 passed in 25.06s
EXIT: 0

===== documentation-candidate token-pair inventory =====
COMMAND: /tmp/swapservice-review-20260916-venv/bin/python scripts/check_token_pair_inventory.py
Token-pair literal inventory is current (274 active lines).
EXIT: 0

===== documentation-candidate whitespace =====
COMMAND: git diff --cached --check
EXIT: 0

===== real-index whitespace =====
COMMAND: git diff --cached --check
EXIT: 0

FINAL_OVERALL_EXIT: 0
