
===== dependency consistency =====
COMMAND: /tmp/swapservice-review-20260916-venv/bin/python -m pip check
No broken requirements found.
EXIT: 0

===== compile Python sources =====
COMMAND: /tmp/swapservice-review-20260916-venv/bin/python -m compileall -q src dashboard.py create_heartbeat_asset.py reconcile_balances.py tests
Can't list 'reconcile_balances.py'
EXIT: 0

===== local Markdown links =====
COMMAND: /tmp/swapservice-review-20260916-venv/bin/python scripts/check_markdown_links.py
Local Markdown links: OK
EXIT: 0

===== complete pytest suite — shared tree =====
COMMAND: /tmp/swapservice-review-20260916-venv/bin/python -m pytest -q -p no:cacheprovider
....................................................................................................................... [ 27%]
........................................................................ [ 44%]
........................................................................ [ 60%]
........................................................ [ 73%]
.......................................... [ 83%]
........................................................................ [ 99%]
.                                                                        [100%]
434 passed, 71 subtests passed in 137.17s (0:02:17)
EXIT: 0

===== recovery standalone =====
COMMAND: /tmp/swapservice-review-20260916-venv/bin/python -m pytest -q -p no:cacheprovider tests/test_recovery_safety.py
.......................... [ 78%]
.......                                                                  [100%]
33 passed, 46 subtests passed in 9.08s
EXIT: 0

===== recovery plus installed SDK boundary =====
COMMAND: /tmp/swapservice-review-20260916-venv/bin/python -m pytest -q -p no:cacheprovider tests/test_recovery_safety.py tests/test_solana_sdk_boundary.py
.......................... [ 76%]
........                                                                 [100%]
34 passed, 46 subtests passed in 9.32s
EXIT: 0

===== receipt payout Nexus-fee SDK shard =====
COMMAND: /tmp/swapservice-review-20260916-venv/bin/python -m pytest -q -p no:cacheprovider tests/test_swap_receipts.py tests/test_payout_review_regressions.py tests/test_nexus_fee_lifecycle.py tests/test_solana_sdk_boundary.py
........................................................................ [ 84%]
.............                                                            [100%]
85 passed in 27.06s
EXIT: 0

===== CI commit whitespace range =====
COMMAND: git diff --check HEAD~1 HEAD
EXIT: 0

===== shared-tree unstaged whitespace =====
COMMAND: git diff --check
EXIT: 0

===== real-index token-pair inventory =====
COMMAND: /tmp/swapservice-review-20260916-venv/bin/python scripts/check_token_pair_inventory.py
Token-pair literal inventory is current (274 active lines).
EXIT: 0

===== real staged-index whitespace =====
COMMAND: git diff --cached --check
EXIT: 0

OVERALL_EXIT: 0

===== CI exact compile command =====
COMMAND: /tmp/swapservice-review-20260916-venv/bin/python -m compileall -q src create_heartbeat_asset.py dashboard.py main.py tests
Can't list 'main.py'
EXIT: 0

===== CI exact complete pytest command — shared tree =====
COMMAND: /tmp/swapservice-review-20260916-venv/bin/python -m pytest -q
....................................................................................................................... [ 27%]
........................................................................ [ 44%]
........................................................................ [ 60%]
........................................................ [ 73%]
.......................................... [ 83%]
........................................................................ [ 99%]
.                                                                        [100%]
434 passed, 71 subtests passed in 137.74s (0:02:17)
EXIT: 0

===== CI exact recovery standalone command =====
COMMAND: /tmp/swapservice-review-20260916-venv/bin/python -m pytest -q tests/test_recovery_safety.py
.......................... [ 78%]
.......                                                                  [100%]
33 passed, 46 subtests passed in 8.85s
EXIT: 0

===== CI exact recovery plus SDK command =====
COMMAND: /tmp/swapservice-review-20260916-venv/bin/python -m pytest -q tests/test_recovery_safety.py tests/test_solana_sdk_boundary.py
.......................... [ 76%]
........                                                                 [100%]
34 passed, 46 subtests passed in 9.04s
EXIT: 0

===== CI exact receipt payout fee SDK command =====
COMMAND: /tmp/swapservice-review-20260916-venv/bin/python -m pytest -q tests/test_swap_receipts.py tests/test_payout_review_regressions.py tests/test_nexus_fee_lifecycle.py tests/test_solana_sdk_boundary.py
........................................................................ [ 84%]
.............                                                            [100%]
85 passed in 26.03s
EXIT: 0

CI_EXACT_RERUN_EXIT: 0

===== CI literal compile command =====
COMMAND: /tmp/swapservice-review-20260916-venv/bin/python -m compileall -q src *.py tests
EXIT: 0
