HEAD 57b2de021fdc67dd83b2fbcf9ac774eb0f5befab
TREE 2a82a82cc6d881fb69b9bfd476a66b8c5e937a1b
INDEX_TREE 2a82a82cc6d881fb69b9bfd476a66b8c5e937a1b
REAL_INDEX_SHA256 ce49450bfc066087e24af9cca5b001b325fa758806eec8f9a867bac7c1d0280a  .git/index

PRIOR_2026-09-15_RUNTIME_MANIFEST_CHECK
src/config.py: OK
src/nexus_client.py: OK
src/receipt_contract.py: OK
src/service_record.py: OK
src/solana_client.py: OK
src/startup_recovery.py: OK
src/state_db.py: OK
src/swap_nexus.py: OK
src/swap_receipts.py: OK
src/swap_solana.py: OK
EXIT: 0

CURRENT_WORKTREE_RUNTIME_SHA256
e6b7f28d60e4d26c6fed1fea0ab869aaa727fb7be3672dd6d002ba1f658f52eb  src/config.py
20ed25032231735972f2565049c6014eca060964c98fed373282600a27cf19d6  src/nexus_client.py
b6afe7a8abb0f4027cbf9a78a2052b5a87920ba872d0088322092c9a95e8533b  src/receipt_contract.py
1487382a259b373f08f3ec667075e88d1485bb99042dccb4d1469b16bcf8c6ec  src/service_record.py
bc2c4108f65fd4585cfe3166a9503c6065c83f3067eb4794ce19c96bf19e2bd6  src/solana_client.py
25a7528fff6c80e3bb9737e6494fa29f7cc295e1e8d35e21184a29fed9dcbd48  src/startup_recovery.py
4ae733f36aac1c5b85124832eae9df8150d6ac5910c16b33dbb15da3243578cb  src/state_db.py
1374281b0bf62cc7a86c4af945b9d7d7bf14674372f8b68ca24aea7bebc7f4d2  src/swap_nexus.py
745b894cbc2c39789036d07579c40a31a906e26bd3742b8e24d1e5b6318ff81f  src/swap_receipts.py
3cf6cdaa8e5170992fdc384cc25fffaf6508ec42ab50eb0cca34e9e17065f8e5  src/swap_solana.py
9039c042f660dfeddf0eaaaa0c36a1f35969e777f2cb9f8345c34a7f81055497  tests/test_service_record_v2.py

COMMITTED_INDEX_RUNTIME_SHA256
f8e4e295aacbc0236dc332f33917c78e413a7611790e48f52646cdd2a570d868  src/config.py
20ed25032231735972f2565049c6014eca060964c98fed373282600a27cf19d6  src/nexus_client.py
b6afe7a8abb0f4027cbf9a78a2052b5a87920ba872d0088322092c9a95e8533b  src/receipt_contract.py
bc2c4108f65fd4585cfe3166a9503c6065c83f3067eb4794ce19c96bf19e2bd6  src/solana_client.py
25a7528fff6c80e3bb9737e6494fa29f7cc295e1e8d35e21184a29fed9dcbd48  src/startup_recovery.py
4ae733f36aac1c5b85124832eae9df8150d6ac5910c16b33dbb15da3243578cb  src/state_db.py
1374281b0bf62cc7a86c4af945b9d7d7bf14674372f8b68ca24aea7bebc7f4d2  src/swap_nexus.py
745b894cbc2c39789036d07579c40a31a906e26bd3742b8e24d1e5b6318ff81f  src/swap_receipts.py
3cf6cdaa8e5170992fdc384cc25fffaf6508ec42ab50eb0cca34e9e17065f8e5  src/swap_solana.py
ABSENT_FROM_COMMITTED_INDEX
absent src/service_record.py
absent tests/test_service_record_v2.py

EVIDENCE_LOG_SHA256
ea08d0c593d36d904a1b85f822cfd41cef1fcd5e82750fbf750d702d540f0eaa  docs/review_evidence/2026-09-16/full-configured-gate.log
e9c15931e47f576e9e99a7db0cda8cf17f1496b9d072ffee12601e99c7d02e8e  docs/review_evidence/2026-09-16/focused-probes.log

TRACKED_RUNTIME_DELTA_6B1F052_TO_HEAD
EXIT_RUNTIME_MANIFEST_CHECK: 0
