swapService runtime and candidate identities — 2026-09-21
REVIEWED_HEAD 814c0ae8cbe0e65036a3b01d1eb8028e4dcb8ad3
PREVIOUS_REVIEWED_HEAD 91ce0b866a4e155bd690f70b6533124467c7318f
HEAD_TREE 65c32cc98ecdc6dd56fe037e9ddd28c1e63a6125
REAL_INDEX_SHA256_BEFORE_REVIEW 504f020af79856c575110e9182d7c711a7220ccde58368794ae7f5e01e5869b9
REAL_INDEX_STAGED_ENTRIES_BEFORE_REVIEW none

COMMITTED HEAD RUNTIME SHA256
f8e4e295aacbc0236dc332f33917c78e413a7611790e48f52646cdd2a570d868  src/config.py
a7af6285baa0ed7a5d13e834f561c087b4c062bf0547adc0e1de86a1212d58d3  src/dashboard.py
20ed25032231735972f2565049c6014eca060964c98fed373282600a27cf19d6  src/nexus_client.py
b6afe7a8abb0f4027cbf9a78a2052b5a87920ba872d0088322092c9a95e8533b  src/receipt_contract.py
bc2c4108f65fd4585cfe3166a9503c6065c83f3067eb4794ce19c96bf19e2bd6  src/solana_client.py
25a7528fff6c80e3bb9737e6494fa29f7cc295e1e8d35e21184a29fed9dcbd48  src/startup_recovery.py
179ad368b1a0cf85661b40a6ee20c200c90ce12eed65e5eceeadef23b81545cb  src/state_db.py
1374281b0bf62cc7a86c4af945b9d7d7bf14674372f8b68ca24aea7bebc7f4d2  src/swap_nexus.py
745b894cbc2c39789036d07579c40a31a906e26bd3742b8e24d1e5b6318ff81f  src/swap_receipts.py
3cf6cdaa8e5170992fdc384cc25fffaf6508ec42ab50eb0cca34e9e17065f8e5  src/swap_solana.py
fe70448bdc880cfea22bda4f3314e195d5ecbf8e103d62267ddc219b6c9cf592  tests/test_recovery_safety.py

PRESERVED CONCURRENT WORKTREE SHA256
e6b7f28d60e4d26c6fed1fea0ab869aaa727fb7be3672dd6d002ba1f658f52eb  src/config.py
1487382a259b373f08f3ec667075e88d1485bb99042dccb4d1469b16bcf8c6ec  src/service_record.py
9039c042f660dfeddf0eaaaa0c36a1f35969e777f2cb9f8345c34a7f81055497  tests/test_service_record_v2.py

PRESERVED UNTRACKED RAW-EVIDENCE SHA256
ca03c11322630c8ecab22c8702fcc6b46d755b807941a4164ac09bc4ae703791  docs/review_evidence/2026-09-15/committed-since-sept12.diff
f16cebe66b69a9fae7eedf99e1e2fadc55bd6f66c7878e21a47cf126f7633404  docs/review_evidence/2026-09-15/dirty-config.diff
85e94ec6a52f9a71538d8a8352cdca173d8740050879ed0753847d86fbb7b91b  docs/review_evidence/2026-09-15/dirty-service-record.diff
e421348127283b0c00e8e5b08d448df4d3d2719be5395d408f0f15d72d887282  docs/review_evidence/2026-09-15/dirty-service-record-tests.diff

The exact archived source for probes was created from git archive of REVIEWED_HEAD. The review did not
stage, overwrite or commit any concurrent-worktree path listed above.
