swapService review verification — 2026-09-21
Reviewed runtime source: 814c0ae8cbe0e65036a3b01d1eb8028e4dcb8ad3
Previous reviewed source: 91ce0b866a4e155bd690f70b6533124467c7318f
Remote repository: https://github.com/AkstonCap/swapService
Local interpreter: Python 3.11.15
CI interpreter: Python 3.12
External mutation policy: no live chain/profile/financial mutation

EXACT REVIEWED-HEAD TARGETED PROBES
SOURCE: git archive of 814c0ae8cbe0e65036a3b01d1eb8028e4dcb8ad3
COMMAND: PYTHONDONTWRITEBYTECODE=1 <repo-venv>/python -m pytest -q targeted_bypass_probes.py
RESULT: PASS — 7 passed in 2.53s
SCOPE:
- 2 fresh evidence-hold safety cases (refund + quarantine);
- 2 legacy-terminal upgrade bypass reproductions (refund + quarantine);
- 1 real-worker below-minimum transport reproduction;
- 2 generic cap-refusal diagnostic reproductions (refund + quarantine).
NOTE: “pass” for the three unsafe probes means the asserted defect was reproduced.

EXACT REVIEWED-HEAD COLLECTION
COMMAND: PYTHONDONTWRITEBYTECODE=1 <repo-venv>/python -m pytest --collect-only -q tests
RESULT: PASS — 405 tests collected in 0.27s

EXACT REVIEWED-HEAD FOCUSED FINANCIAL SHARD
COMMAND: PYTHONDONTWRITEBYTECODE=1 <repo-venv>/python -m pytest -q
         tests/test_recovery_safety.py tests/test_payout_budget.py
         tests/test_payout_review_regressions.py
RESULT: PASS — 70 passed, 46 subtests passed in 12.95s

EXACT REVIEWED-HEAD FULL SUITE
INITIAL ARCHIVE COMMAND: PYTHONDONTWRITEBYTECODE=1 <repo-venv>/python -m pytest -q tests
INITIAL RESULT: INFRASTRUCTURE FAIL — 1 failed, 404 passed, 71 subtests passed in 86.15s
DETAIL: only the token-pair inventory test failed because the plain git archive had no .git metadata;
        scripts/check_token_pair_inventory.py invokes `git ls-files`.
CORRECTION: moved the out-of-tree probe file outside the archive, initialized an isolated Git repository,
            added/committed only the archived HEAD files, then reran the identical tests path.
FINAL RESULT: PASS — 405 passed, 71 subtests passed in 84.52s

SHARED WORKTREE COLLECTION
COMMAND: PYTHONDONTWRITEBYTECODE=1 .venv/bin/python -m pytest --collect-only -q
RESULT: PASS — 434 tests collected in 0.10s
SCOPE DIFFERENCE: includes 29 tests from untracked tests/test_service_record_v2.py.

REAL STAGED DOCUMENTATION CANDIDATE
STAGED PATHS:
A docs/DEVELOPMENT_REVIEW_2026-09-21.md
M docs/EVALUATION.md
M docs/STATE_MACHINES.md
A docs/review_evidence/2026-09-21/findings.md
A docs/review_evidence/2026-09-21/runtime-hashes.log
A docs/review_evidence/2026-09-21/verification.log
EXCLUDED: modified src/config.py; untracked src/service_record.py and tests/test_service_record_v2.py;
          four untracked docs/review_evidence/2026-09-15/*.diff files.

DEPENDENCY CONSISTENCY
COMMAND: .venv/bin/python -m pip check
RESULT: PASS — No broken requirements found.

LITERAL CI COMPILATION
COMMAND: PYTHONPYCACHEPREFIX=/tmp/swapservice-review-20260921-pycache
         .venv/bin/python -m compileall -q src *.py tests
RESULT: PASS — exit 0

MARKDOWN LINKS
COMMAND: .venv/bin/python scripts/check_markdown_links.py
RESULT: PASS — Local Markdown links: OK

REAL STAGED-INDEX TOKEN INVENTORY
COMMAND: .venv/bin/python scripts/check_token_pair_inventory.py
RESULT: PASS — Token-pair literal inventory is current (274 active lines).

WHITESPACE
COMMANDS: git diff --cached --check; git diff --check
RESULT: PASS — both exit 0

SHARED-WORKTREE COMPLETE SUITE
COMMAND: PYTHONDONTWRITEBYTECODE=1 .venv/bin/python -m pytest -q
RESULT: PASS — 434 passed, 71 subtests passed in 81.67s
SCOPE: staged documentation candidate plus unchanged dirty provider-v2 runtime/test proposal.

CONFIGURED RECOVERY STANDALONE
COMMAND: PYTHONDONTWRITEBYTECODE=1 .venv/bin/python -m pytest -q tests/test_recovery_safety.py
RESULT: PASS — 33 passed, 46 subtests passed in 5.49s

CONFIGURED RECOVERY + INSTALLED SDK
COMMAND: PYTHONDONTWRITEBYTECODE=1 .venv/bin/python -m pytest -q
         tests/test_recovery_safety.py tests/test_solana_sdk_boundary.py
RESULT: PASS — 34 passed, 46 subtests passed in 6.16s

CONFIGURED RECEIPT + PAYOUT + NEXUS FEE + SDK
COMMAND: PYTHONDONTWRITEBYTECODE=1 .venv/bin/python -m pytest -q
         tests/test_swap_receipts.py tests/test_payout_review_regressions.py
         tests/test_nexus_fee_lifecycle.py tests/test_solana_sdk_boundary.py
RESULT: PASS — 85 passed in 18.01s

PUBLICATION
Pending documentation commit, push, exact remote SHA readback and exact-head GitHub Actions result.
These will be reported from external readback; this evidence file intentionally records pre-commit local gates.

NOT RUN
- Target Helius/Solana/Nexus external-semantics matrix.
- Any live token, fee, refund, payout, quarantine, receipt or profile transaction.
